SQL> SET FEEDBACK ON
SQL> SET LINESIZE 100
SQL> SET PAGESIZE 200
SQL> SET SERVEROUTPUT ON
SQL> 
SQL> CREATE TABLE traveller(
  2  pnum	        VARCHAR(30)     NOT NULL, /* passport number  */
  3  nationality     VARCHAR(30)     NOT NULL, /* nationality		*/
  4  fname           VARCHAR(30)	    NOT NULL, /* first name		*/
  5  lname           VARCHAR(30)	    NOT NULL, /* last name		*/
  6  birthdate       DATE            NOT NULL, /* date of birth	*/
  7      CONSTRAINT traveller_pkey PRIMARY KEY ( pnum, nationality ));

Error starting at line : 9 in command -
CREATE TABLE traveller(
pnum	        VARCHAR(30)     NOT NULL, /* passport number  */
nationality     VARCHAR(30)     NOT NULL, /* nationality		*/
fname           VARCHAR(30)	    NOT NULL, /* first name		*/
lname           VARCHAR(30)	    NOT NULL, /* last name		*/
birthdate       DATE            NOT NULL, /* date of birth	*/
    CONSTRAINT traveller_pkey PRIMARY KEY ( pnum, nationality ))
Error report -
ORA-00955: name is already used by an existing object
00955. 00000 -  "name is already used by an existing object"
*Cause:    
*Action:
SQL> 
SQL> CREATE TABLE hotel(
  2  hname	        VARCHAR(50)     NOT NULL, /* hotel name  */
  3  country         VARCHAR(30)     NOT NULL, /* country it is located in		*/
  4  city            VARCHAR(30)     NOT NULL, /* city		*/
  5  street          VARCHAR(100)    NOT NULL, /* street name		*/
  6  bnum            VARCHAR(10)     NOT NULL, /* building number	*/
  7  star            INTEGER         NOT NULL, /* stars	*/
  8      CONSTRAINT hotel_pk PRIMARY KEY ( hname, city ),
  9      CONSTRAINT hotel_uq UNIQUE (country, city, street, bnum));

Error starting at line : 17 in command -
CREATE TABLE hotel(
hname	        VARCHAR(50)     NOT NULL, /* hotel name  */
country         VARCHAR(30)     NOT NULL, /* country it is located in		*/
city            VARCHAR(30)     NOT NULL, /* city		*/
street          VARCHAR(100)    NOT NULL, /* street name		*/
bnum            VARCHAR(10)     NOT NULL, /* building number	*/
star            INTEGER         NOT NULL, /* stars	*/
    CONSTRAINT hotel_pk PRIMARY KEY ( hname, city ),
    CONSTRAINT hotel_uq UNIQUE (country, city, street, bnum))
Error report -
ORA-00955: name is already used by an existing object
00955. 00000 -  "name is already used by an existing object"
*Cause:    
*Action:
SQL> 
SQL> CREATE TABLE visit(
  2  pnum	        VARCHAR(30)     NOT NULL, /* passport number  */
  3  nationality     VARCHAR(30)     NOT NULL, /* nationality		*/
  4  hname	        VARCHAR(50)     NOT NULL, /* hotel name  */
  5  hcity           VARCHAR(30) 	NOT NULL, /* hotel city		*/
  6  arrival_date    DATE            NOT NULL, /* arrival  date 	*/
  7  departure_date  DATE            NULL,  /* departure  date 	*/
  8      CONSTRAINT VISIT_FK1 FOREIGN KEY(pnum, nationality)
  9          REFERENCES traveller(pnum, nationality),
 10      CONSTRAINT VISIT_FK2 FOREIGN KEY(hname, hcity)
 11          REFERENCES hotel(hname, city), 
 12      CONSTRAINT DATECHK CHECK (departure_date > arrival_date));

Error starting at line : 27 in command -
CREATE TABLE visit(
pnum	        VARCHAR(30)     NOT NULL, /* passport number  */
nationality     VARCHAR(30)     NOT NULL, /* nationality		*/
hname	        VARCHAR(50)     NOT NULL, /* hotel name  */
hcity           VARCHAR(30) 	NOT NULL, /* hotel city		*/
arrival_date    DATE            NOT NULL, /* arrival  date 	*/
departure_date  DATE            NULL,  /* departure  date 	*/
    CONSTRAINT VISIT_FK1 FOREIGN KEY(pnum, nationality)
        REFERENCES traveller(pnum, nationality),
    CONSTRAINT VISIT_FK2 FOREIGN KEY(hname, hcity)
        REFERENCES hotel(hname, city), 
    CONSTRAINT DATECHK CHECK (departure_date > arrival_date))
Error report -
ORA-00955: name is already used by an existing object
00955. 00000 -  "name is already used by an existing object"
*Cause:    
*Action:
SQL> 
SQL> 
SQL> COMMIT;

Commit complete.

SQL> 
SQL> PROMPT solution1.sql done.
solution1.sql done.
SQL> 
SQL> 
SQL> spool off
