SQL> ALTER TABLE PRODUCT
  2  DROP COLUMN ORDERED_NUM;

Error starting at line : 6 in command -
ALTER TABLE PRODUCT
DROP COLUMN ORDERED_NUM
Error report -
ORA-00904: "ORDERED_NUM": invalid identifier
00904. 00000 -  "%s: invalid identifier"
*Cause:    
*Action:
SQL> DROP PROCEDURE INSERT_ORDER_DETAIL;

Procedure INSERT_ORDER_DETAIL dropped.

SQL> DROP TRIGGER "MAYWZH"."ORDERPRODUCT";

Error starting at line : 9 in command -
DROP TRIGGER "MAYWZH"."ORDERPRODUCT"
Error report -
ORA-04080: trigger 'ORDERPRODUCT' does not exist
04080. 00000 -  "trigger '%s' does not exist"
*Cause:    The TRIGGER name is invalid.
*Action:   Check the trigger name.
SQL> 
SQL> 
SQL> DROP TABLE ORDER_DETAIL;

Table ORDER_DETAIL dropped.

SQL> DROP TABLE ORDERS;

Table ORDERS dropped.

SQL> DROP TABLE PRODUCT;

Table PRODUCT dropped.

SQL> DROP TABLE SUPPLIER;

Table SUPPLIER dropped.

SQL> DROP TABLE CATEGORY;

Table CATEGORY dropped.

SQL> DROP TABLE CUSTOMER;

Table CUSTOMER dropped.

SQL> DROP TABLE EMPLOYEE;

Table EMPLOYEE dropped.

SQL> DROP TABLE SHIPPER;

Table SHIPPER dropped.

SQL> 
SQL> spool off
